[web.archive.org/web/20250408214013/https_/jamstash.io/index.html]
[web-static.archive.org/_static/js/bundle-playback0e4c.js]
[web-static.archive.org/_static/js/wombat9b8c.js]
[web-static.archive.org/_static/css/banner-styles3ae1.css]
[web-static.archive.org/_static/js/ruffle/ruffle.js]
[backblue.gif]
[fade.gif]
[index.html]
[web-static.archive.org/_static/css/iconochive29a7.css]
[web.archive.org/web/20250408214108cs_/https_/jamstash.io/wp-includes/css/dist/block-library/style.mind1c0.css]
[web.archive.org/web/20250408214013/https_/jamstash.io/feed/index.html]
[web.archive.org/web/20250408214013/https_/jamstash.io/comments/feed/index.html]
[web.archive.org/web/20250408214108cs_/https_/jamstash.io/wp-content/plugins/contact-form-7/includes/css/styles9bd2.css]
[web.archive.org/web/20250408214109cs_/https_/jamstash.io/wp-content/themes/hub/assets/vendors/bootstrap/css/bootstrap.min.css]
[web.archive.org/web/20250408214111cs_/https_/jamstash.io/wp-content/themes/hub/style.css]
[web.archive.org/web/20250408214111cs_/https_/jamstash.io/wp-content/themes/hub/assets/css/elements/base/typography.css]
[web.archive.org/web/20250408214111cs_/https_/jamstash.io/wp-content/plugins/elementor/assets/css/frontend-lite.min63aa.css]
[web.archive.org/web/20250408214111cs_/https_/jamstash.io/wp-content/plugins/kadence-blocks/dist/style-blocks-columnd6e2.css]
[web.archive.org/web/20250408214112cs_/https_/jamstash.io/wp-content/plugins/kadence-blocks/dist/style-blocks-rowlayoutd6e2.css]
[web.archive.org/web/20250408214112cs_/https_/jamstash.io/wp-content/plugins/kadence-blocks/dist/style-blocks-advancedbtnd6e2.css]
[web.archive.org/web/20250408214112cs_/https_/jamstash.io/wp-content/plugins/kadence-blocks/dist/style-blocks-imaged6e2.css]
[web.archive.org/web/20250408214112cs_/https_/jamstash.io/wp-content/plugins/kadence-blocks/dist/style-blocks-accordiond6e2.css]
[web.archive.org/web/20250408214113cs_/https_/jamstash.io/wp-content/plugins/kadence-blocks/dist/style-blocks-testimonialsd6e2.css]
[web.archive.org/web/20250408214113cs_/https_/jamstash.io/wp-content/plugins/kadence-blocks-pro/includes/assets/css/kadence-splide.min83c1.css]
[web.archive.org/web/20250408214113cs_/https_/jamstash.io/wp-content/plugins/kadence-blocks/includes/assets/css/kb-blocks-splide.mind6e2.css]
[web.archive.org/web/20250408214113cs_/https_/jamstash.io/wp-content/plugins/kadence-blocks-pro/includes/assets/css/aos.min83c1.css]
[web.archive.org/web/20250408214113cs_/https_/jamstash.io/wp-content/plugins/hub-elementor-addons/assets/css/theme-elementor.min4189.css]
[web.archive.org/web/20250408214028im_/https_/jamstash.io/wp-content/uploads/2024/02/5.png]
[web.archive.org/web/20250408214034im_/https_/jamstash.io/wp-content/uploads/2024/02/3.png]
[web.archive.org/web/20250408214040im_/https_/jamstash.io/wp-content/uploads/2024/02/2.png]
[web.archive.org/web/20250408214043js_/https_/jamstash.io/wp-includes/js/jquery/jquery.minf43b.js]
[web.archive.org/web/20250408214044js_/https_/jamstash.io/wp-includes/js/jquery/jquery-migrate.min5589.js]
[web.archive.org/web/20250408214013/https_/jamstash.io/wp-json/wp/v2/pages/7371]
[web.archive.org/web/20250408214013/https_/jamstash.io/wp-json/oembed/1.0/embedfa6a]
[web.archive.org/web/20250408214013/https_/jamstash.io/wp-json/oembed/1.0/embedb9de]
[web.archive.org/web/20250408214113im_/https_/jamstash.io/wp-content/uploads/2024/01/cropped-PNG-COLORED_favicon.png]
[web.archive.org/web/20250408214114im_/https_/jamstash.io/wp-content/uploads/2024/01/cropped-PNG-COLORED_favicon-32x32.png]
[web.archive.org/web/20250408214114im_/https_/jamstash.io/wp-content/uploads/2024/01/cropped-PNG-COLORED_favicon-192x192.png]
[web.archive.org/web/20250408214114im_/https_/jamstash.io/wp-content/uploads/2024/01/cropped-PNG-COLORED_favicon-180x180.png]
[web.archive.org/web/20250408214020im_/https_/jamstash.io/wp-content/uploads/2021/11/LOGO_flat.png]
[web.archive.org/web/20250408214020im_/https_/jamstash.io/wp-content/uploads/2024/01/googleplay-1024x308.png]
[web.archive.org/web/20250408214020im_/https_/jamstash.io/wp-content/uploads/2024/01/appstore-1024x308.png]
[web.archive.org/web/20250408214023im_/https_/jamstash.io/wp-content/uploads/2024/01/Ecosystem-min-1024x1024.png]
[web.archive.org/web/20250408093121js_/https_/widgets.coingecko.com/coingecko-coin-price-marquee-widget.js]
[web.archive.org/web/20250408214023im_/https_/jamstash.io/wp-content/uploads/2024/02/transfer-1-2.png]
[web.archive.org/web/20250408214027im_/https_/jamstash.io/wp-content/uploads/2024/02/security-payment-1.png]
[web.archive.org/web/20250408214027im_/https_/jamstash.io/wp-content/uploads/2024/02/easy-1.png]
[web.archive.org/web/20250408214027im_/https_/jamstash.io/wp-content/uploads/2024/02/5-788x1024.png]
[web.archive.org/web/20250408214029im_/https_/jamstash.io/wp-content/uploads/2024/02/3-779x1024.png]
[web.archive.org/web/20250408214040im_/https_/jamstash.io/wp-content/uploads/2024/02/2-747x1024.png]
[web.archive.org/web/20250408214041im_/https_/jamstash.io/wp-content/uploads/2024/02/4-1-1.png]
[web.archive.org/web/20250408214013/https_/jamstash.io/cdn-cgi/l/email-protection]
[web.archive.org/web/20250408214044js_/https_/jamstash.io/cdn-cgi/scripts/5c5dd728/cloudflare-static/email-decode.min.js]
[web.archive.org/web/20250408214044jm_/https_/jamstash.io/wp-includes/js/dist/script-modules/block-library/image/view.minf1e2.js]
[web.archive.org/web/20250408214115jm_/https_/jamstash.io/wp-includes/js/dist/script-modules/interactivity/index.min4a94.js]
[web.archive.org/web/20250408214115cs_/https_/jamstash.io/wp-content/themes/hub/assets/vendors/fresco/css/fresco.css]
[web.archive.org/web/20250408214013/https_/jamstash.io/privacy-policy/index.html]
[web.archive.org/web/20250408214115cs_/https_/jamstash.io/wp-content/themes/hub/assets/vendors/liquid-icon/lqd-essentials/lqd-essentials.min.css]
[web.archive.org/web/20250408214116cs_/https_/jamstash.io/wp-content/plugins/elementor/assets/lib/swiper/v8/css/swiper.min94a4.css]
[web.archive.org/web/20250408214117cs_/https_/jamstash.io/wp-content/themes/hub/assets/vendors/liquid-icon/lqd-essentials/lqd-essentials.min8a54.css]
[web.archive.org/web/20250408214044js_/https_/jamstash.io/wp-content/plugins/contact-form-7/includes/swv/js/index9bd2.js]
[web.archive.org/web/20250408214046js_/https_/jamstash.io/wp-content/plugins/contact-form-7/includes/js/index9bd2.js]
[web.archive.org/web/20250408214046js_/https_/jamstash.io/wp-content/themes/hub/assets/vendors/fastdom/fastdom.min.js]
[web.archive.org/web/20250408214046js_/https_/jamstash.io/wp-content/themes/hub/assets/vendors/bootstrap/js/bootstrap.min.js]
[web.archive.org/web/20250408214046js_/https_/jamstash.io/wp-includes/js/imagesloaded.minbb93.js]
[web.archive.org/web/20250408214047js_/https_/jamstash.io/wp-content/themes/hub/assets/vendors/jquery-ui/jquery-ui.min.js]
[web.archive.org/web/20250408214047js_/https_/jamstash.io/wp-content/themes/hub/assets/vendors/fresco/js/fresco.js]
[web.archive.org/web/20250408214048js_/https_/jamstash.io/wp-content/themes/hub/assets/vendors/lity/lity.min.js]
[web.archive.org/web/20250408214048js_/https_/jamstash.io/wp-content/themes/hub/assets/vendors/gsap/minified/gsap.min.js]
[web.archive.org/web/20250408214050js_/https_/jamstash.io/wp-content/themes/hub/assets/vendors/gsap/utils/CustomEase.min.js]
[web.archive.org/web/20250408214050js_/https_/jamstash.io/wp-content/themes/hub/assets/vendors/gsap/minified/DrawSVGPlugin.min.js]
[web.archive.org/web/20250408214050js_/https_/jamstash.io/wp-content/themes/hub/assets/vendors/gsap/minified/ScrollTrigger.min.js]
[web.archive.org/web/20250408214050js_/https_/jamstash.io/wp-content/themes/hub/assets/js/draw-shape/liquidDrawShape.min.js]
[web.archive.org/web/20250408214052js_/https_/jamstash.io/wp-content/themes/hub/assets/js/animated-blob/liquidAnimatedBlob.min.js]
[web.archive.org/web/20250408214053js_/https_/jamstash.io/wp-content/themes/hub/assets/vendors/fontfaceobserver.js]
[web.archive.org/web/20250408214053js_/https_/jamstash.io/wp-content/themes/hub/assets/vendors/intersection-observer.js]
[web.archive.org/web/20250408214053js_/https_/jamstash.io/wp-content/themes/hub/assets/vendors/lazyload.min.js]
[web.archive.org/web/20250408214056js_/https_/jamstash.io/wp-content/themes/hub/assets/vendors/tinycolor-min.js]
[web.archive.org/web/20250408214056js_/https_/jamstash.io/wp-content/themes/hub/assets/vendors/gsap/utils/SplitText.min.js]
[web.archive.org/web/20250408214056js_/https_/jamstash.io/wp-content/themes/hub/assets/js/theme.min.js]
[web.archive.org/web/20250408214056js_/https_/jamstash.io/wp-content/plugins/kadence-blocks/includes/assets/js/kt-accordion.mind6e2.js]
[web.archive.org/web/20250408214059js_/https_/jamstash.io/wp-content/plugins/kadence-blocks-pro/includes/assets/js/splide.min83c1.js]
[web.archive.org/web/20250408214100js_/https_/jamstash.io/wp-content/plugins/kadence-blocks/includes/assets/js/kb-splide-init.mind6e2.js]
[web.archive.org/web/20250408214100js_/https_/jamstash.io/wp-content/plugins/kadence-blocks-pro/includes/assets/js/aos.min83c1.js]
[web.archive.org/web/20250408214100js_/https_/jamstash.io/wp-content/themes/hub/assets/vendors/lottie/lottie.mina950.js]
[web.archive.org/web/20250408214102js_/https_/jamstash.io/wp-content/plugins/elementor/assets/js/webpack.runtime.min63aa.js]
[web.archive.org/web/20250408214102js_/https_/jamstash.io/wp-content/plugins/elementor/assets/js/frontend-modules.min63aa.js]
[web.archive.org/web/20250408214103js_/https_/jamstash.io/wp-content/plugins/elementor/assets/lib/waypoints/waypoints.min05da.js]
[web.archive.org/web/20250408214103js_/https_/jamstash.io/wp-includes/js/jquery/ui/core.minb37e.js]
[web.archive.org/web/20250408214105js_/https_/jamstash.io/wp-content/plugins/elementor/assets/js/frontend.min63aa.js]
[web.archive.org/web/20250408214013/https_/jamstash.io/index.html]
[web-static.archive.org/_static/css/banner-styles3ae1.css]
[web-static.archive.org/_static/css/iconochive29a7.css]
[web.archive.org/web/20250408214013/https_/jamstash.io/feed/index.html]
[web.archive.org/web/20250408214013/https_/jamstash.io/comments/feed/index.html]
[web.archive.org/web/20250408214108cs_/https_/jamstash.io/wp-includes/css/dist/block-library/style.mind1c0.css]
[web.archive.org/web/20250408214108cs_/https_/jamstash.io/wp-content/plugins/contact-form-7/includes/css/styles9bd2.css]
[web.archive.org/web/20250408214109cs_/https_/jamstash.io/wp-content/themes/hub/assets/vendors/bootstrap/css/bootstrap.min.css]
[web.archive.org/web/20250408214111cs_/https_/jamstash.io/wp-content/themes/hub/style.css]
[web.archive.org/web/20250408214111cs_/https_/jamstash.io/wp-content/themes/hub/assets/css/elements/base/typography.css]
[web.archive.org/web/20250408214111cs_/https_/jamstash.io/wp-content/plugins/elementor/assets/css/frontend-lite.min63aa.css]
[web.archive.org/web/20250408214111cs_/https_/jamstash.io/wp-content/plugins/kadence-blocks/dist/style-blocks-columnd6e2.css]
[web.archive.org/web/20250408214112cs_/https_/jamstash.io/wp-content/plugins/kadence-blocks/dist/style-blocks-rowlayoutd6e2.css]
[web.archive.org/web/20250408214112cs_/https_/jamstash.io/wp-content/plugins/kadence-blocks/dist/style-blocks-advancedbtnd6e2.css]
[web.archive.org/web/20250408214112cs_/https_/jamstash.io/wp-content/plugins/kadence-blocks/dist/style-blocks-imaged6e2.css]
[web.archive.org/web/20250408214112cs_/https_/jamstash.io/wp-content/plugins/kadence-blocks/dist/style-blocks-accordiond6e2.css]
[web.archive.org/web/20250408214113cs_/https_/jamstash.io/wp-content/plugins/kadence-blocks/dist/style-blocks-testimonialsd6e2.css]
[web.archive.org/web/20250408214113cs_/https_/jamstash.io/wp-content/plugins/kadence-blocks-pro/includes/assets/css/kadence-splide.min83c1.css]
[web.archive.org/web/20250408214113cs_/https_/jamstash.io/wp-content/plugins/kadence-blocks/includes/assets/css/kb-blocks-splide.mind6e2.css]
[web.archive.org/web/20250408214113cs_/https_/jamstash.io/wp-content/plugins/kadence-blocks-pro/includes/assets/css/aos.min83c1.css]
[web.archive.org/web/20250408214113cs_/https_/jamstash.io/wp-content/plugins/hub-elementor-addons/assets/css/theme-elementor.min4189.css]
[web.archive.org/web/20250408214013/https_/jamstash.io/wp-json/wp/v2/pages/7371.html]
[web.archive.org/web/20250408214013/https_/jamstash.io/wp-json/oembed/1.0/embedfa6a.html]
[web.archive.org/web/20250408214013/https_/jamstash.io/wp-json/oembed/1.0/embedb9de.html]
[web.archive.org/web/20250408214013/https_/jamstash.io/cdn-cgi/l/email-protection.html]
[web.archive.org/web/20250408214013/https_/jamstash.io/privacy-policy/index.html]
[web.archive.org/web/20250908064418/https_/jamstash.io/wp-content/themes/hub/assets/vendors/fresco/fresco-skins/sprite.png]
[web.archive.org/web/20250408214115cs_/https_/jamstash.io/wp-content/themes/hub/assets/vendors/fresco/css/fresco.css]
[web.archive.org/web/20250408214115cs_/https_/jamstash.io/wp-content/themes/hub/assets/vendors/liquid-icon/lqd-essentials/lqd-essentials.min.css]
[web.archive.org/web/20250408214116cs_/https_/jamstash.io/wp-content/plugins/elementor/assets/lib/swiper/v8/css/swiper.min94a4.css]
[web.archive.org/web/20250408214117cs_/https_/jamstash.io/wp-content/themes/hub/assets/vendors/liquid-icon/lqd-essentials/lqd-essentials.min8a54.css]
